Dynamic NAT configurations

Router

Router(config)#
Router(config)#
Router(config)#ip nat pool ?
  WORD  Pool name
Router(config)#ip nat pool HK ?
  A.B.C.D  Start IP address
Router(config)#ip nat pool HK 100.1.1.50 100.1.1.51 netmask 255.255.255.0
Router(config)#acc
Router(config)#access-list 1 permit 10.1.1.0 0.0.0.255 ?
  <cr>
Router(config)#access-list 1 permit 10.1.1.0 0.0.0.255 
Router(config)#
Router(config)#ip nat inside source list 1 pool HK
Router(config)#
Router(config)#do sh run | sec nat
 ip nat inside
 ip nat outside
ip nat pool HK 100.1.1.50 100.1.1.51 netmask 255.255.255.0
ip nat inside source list 1 pool HK
ip nat inside source static 10.1.1.2 100.1.1.50 
Router(config)#no ip nat inside source static 10.1.1.2 100.1.1.50
Router(config)#
Router(config)#do sh run | sec nat
 ip nat inside
 ip nat outside
ip nat pool HK 100.1.1.50 100.1.1.51 netmask 255.255.255.0
ip nat inside source list 1 pool HK
Router(config)#
Router(config)#sh ip nat trans
                ^
% Invalid input detected at '^' marker.
	
Router(config)#do sh ip nat trans
Router(config)#do sh ip nat trans
Pro  Inside global     Inside local       Outside local      Outside global
icmp 100.1.1.50:17     10.1.1.1:17        200.1.1.200:17     200.1.1.200:17
icmp 100.1.1.50:18     10.1.1.1:18        200.1.1.200:18     200.1.1.200:18
icmp 100.1.1.50:19     10.1.1.1:19        200.1.1.200:19     200.1.1.200:19
icmp 100.1.1.50:20     10.1.1.1:20        200.1.1.200:20     200.1.1.200:20

Router(config)#do sh ip nat trans
Pro  Inside global     Inside local       Outside local      Outside global
icmp 100.1.1.50:17     10.1.1.1:17        200.1.1.200:17     200.1.1.200:17
icmp 100.1.1.50:18     10.1.1.1:18        200.1.1.200:18     200.1.1.200:18
icmp 100.1.1.50:19     10.1.1.1:19        200.1.1.200:19     200.1.1.200:19
icmp 100.1.1.50:20     10.1.1.1:20        200.1.1.200:20     200.1.1.200:20
icmp 100.1.1.51:10     10.1.1.2:10        200.1.1.200:10     200.1.1.200:10
icmp 100.1.1.51:11     10.1.1.2:11        200.1.1.200:11     200.1.1.200:11
icmp 100.1.1.51:12     10.1.1.2:12        200.1.1.200:12     200.1.1.200:12
icmp 100.1.1.51:9      10.1.1.2:9         200.1.1.200:9      200.1.1.200:9

Router(config)#do sh ip nat trans
Pro  Inside global     Inside local       Outside local      Outside global
icmp 100.1.1.50:10     10.1.1.3:10        200.1.1.200:10     200.1.1.200:10
icmp 100.1.1.50:11     10.1.1.3:11        200.1.1.200:11     200.1.1.200:11
icmp 100.1.1.50:12     10.1.1.3:12        200.1.1.200:12     200.1.1.200:12
icmp 100.1.1.50:13     10.1.1.3:13        200.1.1.200:13     200.1.1.200:13
icmp 100.1.1.50:14     10.1.1.3:14        200.1.1.200:14     200.1.1.200:14
icmp 100.1.1.50:15     10.1.1.3:15        200.1.1.200:15     200.1.1.200:15
icmp 100.1.1.50:16     10.1.1.3:16        200.1.1.200:16     200.1.1.200:16
icmp 100.1.1.50:9      10.1.1.3:9         200.1.1.200:9      200.1.1.200:9

Router(config)#